zotero(3)(+0000000): Using data directory E:\Kumiko\pythonProject\Zotero\tmp\zotero-0.6.1-pdf-data

zotero(3)(+0000008): Asynchronously opening database 'zotero'

zotero(3)(+0000008): E:\Kumiko\pythonProject\Zotero\tmp\zotero-0.6.1-pdf-data\zotero.sqlite

zotero(4)(+0000064): Registering notifier observer 'paneHeader_HH' for [item]

zotero(3)(+0000008): Creating boolean pref 'extensions.zotero.panes.info.open'

zotero(4)(+0000003): Registering notifier observer 'itemBox_8A' for [item,infobox,tab]

zotero(3)(+0000004): Creating boolean pref 'extensions.zotero.panes.abstract.open'

zotero(4)(+0000003): Registering notifier observer 'abstractBox_Ti' for [item,tab]

zotero(3)(+0000004): Creating boolean pref 'extensions.zotero.panes.attachments.open'

zotero(4)(+0000000): Registering notifier observer 'attachmentsBox_aF' for [item]

zotero(3)(+0000001): Creating boolean pref 'extensions.zotero.panes.notes.open'

zotero(4)(+0000000): Registering notifier observer 'notesBox_wi' for [item]

zotero(3)(+0000002): Creating boolean pref 'extensions.zotero.panes.note-info.open'

zotero(4)(+0000000): Registering notifier observer 'noteBox_FY' for [item]

zotero(3)(+0000003): Creating boolean pref 'extensions.zotero.panes.attachment-info.open'

zotero(3)(+0000004): Creating boolean pref 'extensions.zotero.panes.tags.open'

zotero(4)(+0000000): Registering notifier observer 'tagsBox_ti' for [item-tag,setting] with priority 101

zotero(3)(+0000001): Creating boolean pref 'extensions.zotero.panes.libraries-collections.open'

zotero(4)(+0000000): Registering notifier observer 'librariesCollectionsBox_Jj' for [item,collection]

zotero(3)(+0000001): Creating boolean pref 'extensions.zotero.panes.related.open'

zotero(4)(+0000000): Registering notifier observer 'relatedbox_1z' for [item]

zotero(4)(+0000000): Registering notifier observer 'noteEditor_hR' for [item,file]

zotero(4)(+0000001): Registering notifier observer 'attachmentbox_9E' for [item]

zotero(3)(+0000001): Creating boolean pref 'extensions.zotero.panes.attachment-annotations.open'

zotero(4)(+0000000): Registering notifier observer 'attachmentAnnotationsBox_IM' for [item]

zotero(4)(+0000002): Registering notifier observer 'librariesCollectionsBox_dt' for [item,collection]

zotero(4)(+0000001): Registering notifier observer 'tagsBox_o4' for [item-tag,setting] with priority 101

zotero(4)(+0000001): Registering notifier observer 'relatedbox_Ux' for [item]

zotero(4)(+0000000): Registering notifier observer 'ItemDetails_p9' for [item,itempane,tab]

zotero(4)(+0000003): Registering notifier observer 'tagsBox_Rg' for [item-tag,setting] with priority 101

zotero(4)(+0000001): Registering notifier observer 'librariesCollectionsBox_gP' for [item,collection]

zotero(4)(+0000001): Registering notifier observer 'relatedbox_u5' for [item]

zotero(4)(+0000000): Registering notifier observer 'noteEditor_rX' for [item,file]

zotero(4)(+0000003): Registering notifier observer 'itemBox_vT' for [item,infobox,tab]

zotero(4)(+0000000): Registering notifier observer 'jJ' for [item]

zotero(4)(+0000002): Registering notifier observer 'lh' for [item]

zotero(4)(+0000002): Registering notifier observer 'contextPane_zi' for [item]

zotero(4)(+0000000): Registering notifier observer 'contextPane_mH' for [tab] with priority 20

zotero(4)(+0000002): PRAGMA main.locking_mode=EXCLUSIVE

zotero(4)(+0000007): PRAGMA page_size

zotero(4)(+0000006): PRAGMA cache_size=250

zotero(4)(+0000000): PRAGMA foreign_keys=true

zotero(4)(+0000038): SELECT version FROM version WHERE schema='system'

zotero(4)(+0000002): SELECT COUNT(*) FROM sqlite_master WHERE type='table' AND tbl_name=? ['version']

zotero(3)(+0000000): Proxy required for https://zoteroproxycheck.s3.amazonaws.com/test -- making HEAD request to trigger auth prompt

zotero(3)(+0000001): HTTP HEAD https://zoteroproxycheck.s3.amazonaws.com/test

zotero(4)(+0000000): SELECT version FROM version WHERE schema='userdata'

zotero(4)(+0000000): SELECT version FROM version WHERE schema='compatibility'

zotero(4)(+0000001): SELECT COUNT(*) FROM sqlite_master WHERE type='table' AND tbl_name=? ['version']

zotero(4)(+0000001): SELECT COUNT(*) FROM sqlite_master WHERE type='table' AND tbl_name=? ['version']

zotero(3)(+0000001): Database does not exist -- creating


zotero(4)(+0000000): Beginning DB transaction ALrI6RKj

zotero(4)(+0000002): PRAGMA page_size = 4096

zotero(4)(+0000000): PRAGMA encoding = 'UTF-8'

zotero(4)(+0000001): PRAGMA auto_vacuum = 1

zotero(3)(+0000041): Getting contents of [xpconnect wrapped nsIChannel]

zotero(3)(+0000005): Refreshing item box

zotero(2)(+0000000): No item to refresh

zotero(4)(+0000019): DROP TABLE IF EXISTS fieldFormats

zotero(4)(+0000001): CREATE TABLE fieldFormats (    fieldFormatID INTEGER PRIMARY KEY,    regex TEXT,    isInteger INT)

zotero(4)(+0000001): DROP TABLE IF EXISTS charsets

zotero(4)(+0000004): CREATE TABLE charsets (    charsetID INTEGER PRIMARY KEY,    charset TEXT UNIQUE)

zotero(4)(+0000001): CREATE INDEX charsets_charset ON charsets(charset)

zotero(4)(+0000001): DROP TABLE IF EXISTS fileTypes

zotero(4)(+0000002): CREATE TABLE fileTypes (    fileTypeID INTEGER PRIMARY KEY,    fileType TEXT UNIQUE)

zotero(4)(+0000005): CREATE INDEX fileTypes_fileType ON fileTypes(fileType)

zotero(4)(+0000002): DROP TABLE IF EXISTS fileTypeMimeTypes

zotero(4)(+0000001): CREATE TABLE fileTypeMimeTypes (    fileTypeID INT,    mimeType TEXT,    PRIMARY KEY (fileTypeID, mimeType),    FOREIGN KEY (fileTypeID) REFERENCES fileTypes(fileTypeID))

zotero(4)(+0000000): CREATE INDEX fileTypeMimeTypes_mimeType ON fileTypeMimeTypes(mimeType)

zotero(4)(+0000001): DROP TABLE IF EXISTS syncObjectTypes

zotero(4)(+0000000): CREATE TABLE syncObjectTypes (    syncObjectTypeID INTEGER PRIMARY KEY,    name TEXT)

zotero(4)(+0000000): CREATE INDEX syncObjectTypes_name ON syncObjectTypes(name)

zotero(4)(+0000010): INSERT INTO "fieldFormats" VALUES(1, '.*', 0)

zotero(4)(+0000003): INSERT INTO "fieldFormats" VALUES(2, '[0-9]*', 1)

zotero(4)(+0000001): INSERT INTO "fieldFormats" VALUES(3, '[0-9]{4}', 1)

zotero(4)(+0000000): INSERT INTO "charsets" VALUES (1, 'utf-8')

zotero(4)(+0000001): INSERT INTO "charsets" VALUES (2, 'big5')

zotero(4)(+0000000): INSERT INTO "charsets" VALUES (3, 'euc-jp')

zotero(4)(+0000000): INSERT INTO "charsets" VALUES (4, 'euc-kr')

zotero(4)(+0000000): INSERT INTO "charsets" VALUES (5, 'gb18030')

zotero(4)(+0000001): INSERT INTO "charsets" VALUES (6, 'gbk')

zotero(4)(+0000000): INSERT INTO "charsets" VALUES (7, 'ibm866')

zotero(4)(+0000000): INSERT INTO "charsets" VALUES (8, 'iso-2022-jp')

zotero(4)(+0000001): INSERT INTO "charsets" VALUES (9, 'iso-8859-2')

zotero(4)(+0000000): INSERT INTO "charsets" VALUES (10, 'iso-8859-3')

zotero(4)(+0000000): INSERT INTO "charsets" VALUES (11, 'iso-8859-4')

zotero(4)(+0000001): INSERT INTO "charsets" VALUES (12, 'iso-8859-5')

zotero(4)(+0000000): INSERT INTO "charsets" VALUES (13, 'iso-8859-6')

zotero(4)(+0000000): INSERT INTO "charsets" VALUES (14, 'iso-8859-7')

zotero(4)(+0000000): INSERT INTO "charsets" VALUES (15, 'iso-8859-8')

zotero(4)(+0000000): INSERT INTO "charsets" VALUES (16, 'iso-8859-8-i')

zotero(4)(+0000001): INSERT INTO "charsets" VALUES (17, 'iso-8859-10')

zotero(4)(+0000000): INSERT INTO "charsets" VALUES (18, 'iso-8859-13')

zotero(4)(+0000001): INSERT INTO "charsets" VALUES (19, 'iso-8859-14')

zotero(4)(+0000000): INSERT INTO "charsets" VALUES (20, 'iso-8859-15')

zotero(4)(+0000000): INSERT INTO "charsets" VALUES (21, 'iso-8859-16')

zotero(4)(+0000000): INSERT INTO "charsets" VALUES (22, 'koi8-r')

zotero(4)(+0000001): INSERT INTO "charsets" VALUES (23, 'koi8-u')

zotero(4)(+0000000): INSERT INTO "charsets" VALUES (24, 'macintosh')

zotero(4)(+0000000): INSERT INTO "charsets" VALUES (25, 'replacement')

zotero(4)(+0000001): INSERT INTO "charsets" VALUES (26, 'shift_jis')

zotero(4)(+0000000): INSERT INTO "charsets" VALUES (27, 'utf-16be')

zotero(4)(+0000000): INSERT INTO "charsets" VALUES (28, 'utf-16le')

zotero(4)(+0000000): INSERT INTO "charsets" VALUES (29, 'windows-874')

zotero(4)(+0000001): INSERT INTO "charsets" VALUES (30, 'windows-1250')

zotero(4)(+0000000): INSERT INTO "charsets" VALUES (31, 'windows-1251')

zotero(4)(+0000001): INSERT INTO "charsets" VALUES (32, 'windows-1252')

zotero(4)(+0000000): INSERT INTO "charsets" VALUES (33, 'windows-1253')

zotero(4)(+0000001): INSERT INTO "charsets" VALUES (34, 'windows-1254')

zotero(4)(+0000000): INSERT INTO "charsets" VALUES (35, 'windows-1255')

zotero(4)(+0000001): INSERT INTO "charsets" VALUES (36, 'windows-1256')

zotero(4)(+0000000): INSERT INTO "charsets" VALUES (37, 'windows-1257')

zotero(4)(+0000000): INSERT INTO "charsets" VALUES (38, 'windows-1258')

zotero(4)(+0000000): INSERT INTO "charsets" VALUES (39, 'x-mac-cyrillic')

zotero(4)(+0000001): INSERT INTO "charsets" VALUES (40, 'x-user-defined')

zotero(4)(+0000000): INSERT INTO "fileTypes" VALUES(1, 'webpage')

zotero(4)(+0000000): INSERT INTO "fileTypes" VALUES(2, 'image')

zotero(4)(+0000001): INSERT INTO "fileTypes" VALUES(3, 'pdf')

zotero(4)(+0000000): INSERT INTO "fileTypes" VALUES(4, 'audio')

zotero(4)(+0000001): INSERT INTO "fileTypes" VALUES(5, 'video')

zotero(4)(+0000000): INSERT INTO "fileTypes" VALUES(6, 'document')

zotero(4)(+0000000): INSERT INTO "fileTypes" VALUES(7, 'presentation')

zotero(4)(+0000001): INSERT INTO "fileTypes" VALUES(8, 'ebook')

zotero(4)(+0000001): INSERT INTO "fileTypeMIMETypes" VALUES(1, 'text/html')

zotero(4)(+0000000): INSERT INTO "fileTypeMIMETypes" VALUES(2, 'image/')

zotero(4)(+0000000): INSERT INTO "fileTypeMIMETypes" VALUES(2, 'application/vnd.oasis.opendocument.graphics')

zotero(4)(+0000001): INSERT INTO "fileTypeMIMETypes" VALUES(2, 'application/vnd.oasis.opendocument.image')

zotero(4)(+0000000): INSERT INTO "fileTypeMIMETypes" VALUES(3, 'application/pdf')

zotero(4)(+0000000): INSERT INTO "fileTypeMIMETypes" VALUES(4, 'audio/')

zotero(4)(+0000001): INSERT INTO "fileTypeMIMETypes" VALUES(4, 'x-pn-realaudio')

zotero(4)(+0000000): INSERT INTO "fileTypeMIMETypes" VALUES(4, 'application/ogg')

zotero(4)(+0000000): INSERT INTO "fileTypeMIMETypes" VALUES(4, 'application/x-killustrator')

zotero(4)(+0000000): INSERT INTO "fileTypeMIMETypes" VALUES(5, 'video/')

zotero(4)(+0000001): INSERT INTO "fileTypeMIMETypes" VALUES(5, 'application/x-shockwave-flash')

zotero(4)(+0000000): INSERT INTO "fileTypeMIMETypes" VALUES(6, 'text/plain')

zotero(4)(+0000000): INSERT INTO "fileTypeMIMETypes" VALUES(6, 'application/rtf')

zotero(4)(+0000000): INSERT INTO "fileTypeMIMETypes" VALUES(6, 'application/msword')

zotero(4)(+0000001): INSERT INTO "fileTypeMIMETypes" VALUES(6, 'text/xml')

zotero(4)(+0000000): INSERT INTO "fileTypeMIMETypes" VALUES(6, 'application/postscript')

zotero(4)(+0000000): INSERT INTO "fileTypeMIMETypes" VALUES(6, 'application/wordperfect5.1')

zotero(4)(+0000000): INSERT INTO "fileTypeMIMETypes" VALUES(6, 'application/x-latex')

zotero(4)(+0000001): INSERT INTO "fileTypeMIMETypes" VALUES(6, 'application/x-tex')

zotero(4)(+0000000): INSERT INTO "fileTypeMIMETypes" VALUES(6, 'application/x-kword')

zotero(4)(+0000001): INSERT INTO "fileTypeMIMETypes" VALUES(6, 'application/x-kspread')

zotero(4)(+0000000): INSERT INTO "fileTypeMIMETypes" VALUES(6, 'application/x-kchart')

zotero(4)(+0000001): INSERT INTO "fileTypeMIMETypes" VALUES(6, 'application/vnd.oasis.opendocument.chart')

zotero(4)(+0000000): INSERT INTO "fileTypeMIMETypes" VALUES(6, 'application/vnd.oasis.opendocument.database')

zotero(4)(+0000000): INSERT INTO "fileTypeMIMETypes" VALUES(6, 'application/vnd.oasis.opendocument.formula')

zotero(4)(+0000001): INSERT INTO "fileTypeMIMETypes" VALUES(6, 'application/vnd.oasis.opendocument.spreadsheet')

zotero(4)(+0000001): INSERT INTO "fileTypeMIMETypes" VALUES(6, 'application/vnd.oasis.opendocument.text')

zotero(4)(+0000000): INSERT INTO "fileTypeMIMETypes" VALUES(7, 'application/powerpoint')

zotero(4)(+0000000): INSERT INTO "fileTypeMIMETypes" VALUES(7, 'application/vnd.oasis.opendocument.presentation')

zotero(4)(+0000001): INSERT INTO "fileTypeMIMETypes" VALUES(7, 'application/x-kpresenter')

zotero(4)(+0000000): INSERT INTO "fileTypeMIMETypes" VALUES(7, 'application/vnd.ms-powerpoint')

zotero(4)(+0000000): INSERT INTO "fileTypeMIMETypes" VALUES(8, 'application/epub+zip')

zotero(4)(+0000001): INSERT INTO "fileTypeMIMETypes" VALUES(8, 'application/epub')

zotero(4)(+0000000):  INSERT INTO "syncObjectTypes" VALUES(1, 'collection')

zotero(4)(+0000000): INSERT INTO "syncObjectTypes" VALUES(2, 'creator')

zotero(4)(+0000001): INSERT INTO "syncObjectTypes" VALUES(3, 'item')

zotero(4)(+0000000): INSERT INTO "syncObjectTypes" VALUES(4, 'search')

zotero(4)(+0000000): INSERT INTO "syncObjectTypes" VALUES(5, 'tag')

zotero(4)(+0000000): INSERT INTO "syncObjectTypes" VALUES(6, 'relation')

zotero(4)(+0000001): INSERT INTO "syncObjectTypes" VALUES(7, 'setting')

zotero(3)(+0000001): Getting contents of [xpconnect wrapped nsIChannel]

zotero(4)(+0000001): CREATE TABLE itemTypes (    itemTypeID INTEGER PRIMARY KEY,    typeName TEXT,    templateItemTypeID INT,    display INT DEFAULT 1 )

zotero(4)(+0000000): CREATE TABLE itemTypesCombined (    itemTypeID INT NOT NULL,    typeName TEXT NOT NULL,    display INT DEFAULT 1 NOT NULL,    custom INT NOT NULL,    PRIMARY KEY (itemTypeID))

zotero(4)(+0000001): CREATE TABLE fields (    fieldID INTEGER PRIMARY KEY,    fieldName TEXT,    fieldFormatID INT,    FOREIGN KEY (fieldFormatID) REFERENCES fieldFormats(fieldFormatID))

zotero(4)(+0000000): CREATE TABLE fieldsCombined (    fieldID INT NOT NULL,    fieldName TEXT NOT NULL,    label TEXT,    fieldFormatID INT,    custom INT NOT NULL,    PRIMARY KEY (fieldID))

zotero(4)(+0000000): CREATE TABLE itemTypeFields (    itemTypeID INT,    fieldID INT,    hide INT,    orderIndex INT,    PRIMARY KEY (itemTypeID, orderIndex),    UNIQUE (itemTypeID, fieldID),    FOREIGN KEY (itemTypeID) REFERENCES itemTypes(itemTypeID),    FOREIGN KEY (fieldID) REFERENCES fields(fieldID))

zotero(4)(+0000001): CREATE INDEX itemTypeFields_fieldID ON itemTypeFields(fieldID)

zotero(4)(+0000001): CREATE TABLE itemTypeFieldsCombined (    itemTypeID INT NOT NULL,    fieldID INT NOT NULL,    hide INT,    orderIndex INT NOT NULL,    PRIMARY KEY (itemTypeID, orderIndex),    UNIQUE (itemTypeID, fieldID))

zotero(4)(+0000000): CREATE INDEX itemTypeFieldsCombined_fieldID ON itemTypeFieldsCombined(fieldID)

zotero(4)(+0000001): CREATE TABLE baseFieldMappings (    itemTypeID INT,    baseFieldID INT,    fieldID INT,    PRIMARY KEY (itemTypeID, baseFieldID, fieldID),    FOREIGN KEY (itemTypeID) REFERENCES itemTypes(itemTypeID),    FOREIGN KEY (baseFieldID) REFERENCES fields(fieldID),    FOREIGN KEY (fieldID) REFERENCES fields(fieldID))

zotero(4)(+0000000): CREATE INDEX baseFieldMappings_baseFieldID ON baseFieldMappings(baseFieldID)

zotero(4)(+0000001): CREATE INDEX baseFieldMappings_fieldID ON baseFieldMappings(fieldID)

zotero(4)(+0000000): CREATE TABLE baseFieldMappingsCombined (    itemTypeID INT,    baseFieldID INT,    fieldID INT,    PRIMARY KEY (itemTypeID, baseFieldID, fieldID))

zotero(4)(+0000000): CREATE INDEX baseFieldMappingsCombined_baseFieldID ON baseFieldMappingsCombined(baseFieldID)

zotero(4)(+0000001): CREATE INDEX baseFieldMappingsCombined_fieldID ON baseFieldMappingsCombined(fieldID)

zotero(4)(+0000000): CREATE TABLE creatorTypes (    creatorTypeID INTEGER PRIMARY KEY,    creatorType TEXT)

zotero(4)(+0000000): CREATE TABLE itemTypeCreatorTypes (    itemTypeID INT,    creatorTypeID INT,    primaryField INT,    PRIMARY KEY (itemTypeID, creatorTypeID),    FOREIGN KEY (itemTypeID) REFERENCES itemTypes(itemTypeID),    FOREIGN KEY (creatorTypeID) REFERENCES creatorTypes(creatorTypeID))

zotero(4)(+0000001): CREATE INDEX itemTypeCreatorTypes_creatorTypeID ON itemTypeCreatorTypes(creatorTypeID)

zotero(4)(+0000000): CREATE TABLE version (    schema TEXT PRIMARY KEY,    version INT NOT NULL)

zotero(4)(+0000001): CREATE INDEX schema ON version(schema)

Crash Annotation GraphicsCriticalError: |