zotero(3)(+0000000): Using data directory E:\Kumiko\pythonProject\Zotero\tmp\zotero-0.6.0-smoke-data

zotero(3)(+0000009): Asynchronously opening database 'zotero'

Crash Annotation GraphicsCriticalError: |[0][GFX1-]: RenderCompositorSWGL failed mapping default framebuffer, no dt (t=4.44473) zotero(3)(+0000005): E:\Kumiko\pythonProject\Zotero\tmp\zotero-0.6.0-smoke-data\zotero.sqlite

[GFX1-]: RenderCompositorSWGL failed mapping default framebuffer, no dt
zotero(4)([31;40m+0000320[0m): Registering notifier observer 'paneHeader_2J' for [item]

zotero(3)(+0000120): Creating boolean pref 'extensions.zotero.panes.info.open'

zotero(4)(+0000003): Registering notifier observer 'itemBox_c5' for [item,infobox,tab]

zotero(3)(+0000001): Creating boolean pref 'extensions.zotero.panes.abstract.open'

zotero(4)(+0000000): Registering notifier observer 'abstractBox_Up' for [item,tab]

zotero(3)(+0000001): Creating boolean pref 'extensions.zotero.panes.attachments.open'

zotero(4)(+0000001): Registering notifier observer 'attachmentsBox_Bk' for [item]

zotero(3)(+0000000): Creating boolean pref 'extensions.zotero.panes.notes.open'

zotero(4)(+0000001): Registering notifier observer 'notesBox_S6' for [item]

zotero(3)(+0000001): Creating boolean pref 'extensions.zotero.panes.note-info.open'

zotero(4)(+0000000): Registering notifier observer 'noteBox_BP' for [item]

zotero(3)(+0000002): Creating boolean pref 'extensions.zotero.panes.attachment-info.open'

zotero(3)(+0000003): Creating boolean pref 'extensions.zotero.panes.tags.open'

zotero(4)(+0000000): Registering notifier observer 'tagsBox_F2' for [item-tag,setting] with priority 101

zotero(3)(+0000001): Creating boolean pref 'extensions.zotero.panes.libraries-collections.open'

zotero(4)(+0000000): Registering notifier observer 'librariesCollectionsBox_8z' for [item,collection]

zotero(3)(+0000000): Creating boolean pref 'extensions.zotero.panes.related.open'

zotero(4)(+0000001): Registering notifier observer 'relatedbox_gI' for [item]

zotero(4)(+0000000): Registering notifier observer 'noteEditor_vs' for [item,file]

zotero(4)(+0000000): Registering notifier observer 'attachmentbox_wH' for [item]

zotero(3)(+0000001): Creating boolean pref 'extensions.zotero.panes.attachment-annotations.open'

zotero(4)(+0000000): Registering notifier observer 'attachmentAnnotationsBox_zo' for [item]

zotero(4)(+0000001): Registering notifier observer 'librariesCollectionsBox_Uw' for [item,collection]

zotero(4)(+0000001): Registering notifier observer 'tagsBox_vG' for [item-tag,setting] with priority 101

zotero(4)(+0000001): Registering notifier observer 'relatedbox_UX' for [item]

zotero(4)(+0000000): Registering notifier observer 'ItemDetails_RX' for [item,itempane,tab]

zotero(4)(+0000003): Registering notifier observer 'tagsBox_iZ' for [item-tag,setting] with priority 101

zotero(4)(+0000000): Registering notifier observer 'librariesCollectionsBox_f4' for [item,collection]

zotero(4)(+0000001): Registering notifier observer 'relatedbox_uB' for [item]

zotero(4)(+0000000): Registering notifier observer 'noteEditor_WB' for [item,file]

zotero(4)(+0000002): Registering notifier observer 'itemBox_d5' for [item,infobox,tab]

zotero(4)(+0000000): Registering notifier observer 'g8' for [item]

zotero(4)(+0000002): Registering notifier observer 'oN' for [item]

zotero(4)(+0000001): Registering notifier observer 'contextPane_r4' for [item]

zotero(4)(+0000000): Registering notifier observer 'contextPane_Di' for [tab] with priority 20

zotero(4)(+0000002): PRAGMA main.locking_mode=EXCLUSIVE

zotero(4)(+0000003): PRAGMA page_size

zotero(4)(+0000006): PRAGMA cache_size=2000

zotero(4)(+0000001): PRAGMA foreign_keys=true

zotero(4)(+0000037): SELECT version FROM version WHERE schema='system'

zotero(4)(+0000002): SELECT version FROM version WHERE schema='userdata'

zotero(4)(+0000000): SELECT version FROM version WHERE schema='compatibility'

zotero(3)(+0000001): Proxy required for https://zoteroproxycheck.s3.amazonaws.com/test -- making HEAD request to trigger auth prompt

zotero(3)(+0000000): HTTP HEAD https://zoteroproxycheck.s3.amazonaws.com/test

zotero(4)(+0000001): SELECT value FROM settings WHERE setting='db' AND key='integrityCheck'

zotero(3)(+0000000): Getting contents of [xpconnect wrapped nsIChannel]

zotero(4)(+0000004): SELECT version FROM version WHERE schema='globalSchema'

zotero(3)(+0000001): Database is up to date with global schema version 42 -- skipping update

zotero(3)(+0000000): Getting contents of [xpconnect wrapped nsIChannel]

zotero(4)(+0000001): PRAGMA foreign_keys = false

zotero(3)(+0000000): Getting contents of [xpconnect wrapped nsIChannel]

zotero(3)(+0000027): Refreshing item box

zotero(2)(+0000000): No item to refresh

zotero(4)(+0000001): SELECT 1 FROM itemDataValues WHERE value=0 LIMIT 1

zotero(4)(+0000016): Beginning DB transaction 4QHORMyi

zotero(3)(+0000010): Getting contents of [xpconnect wrapped nsIChannel]

zotero(3)(+0000003): Updating custom tables

zotero(4)(+0000000): PRAGMA foreign_keys

zotero(4)(+0000001): SELECT COUNT(*) FROM sqlite_master WHERE type='table' AND tbl_name=? ['customItemTypes']

zotero(4)(+0000001): DELETE FROM itemTypesCombined

zotero(4)(+0000003): DELETE FROM fieldsCombined

zotero(4)(+0000001): DELETE FROM itemTypeFieldsCombined

zotero(4)(+0000003): DELETE FROM baseFieldMappingsCombined

zotero(4)(+0000001): INSERT INTO itemTypesCombined SELECT itemTypeID, typeName, display, 0 AS custom FROM itemTypes UNION SELECT customItemTypeID + 10000 AS itemTypeID, typeName, display, 1 AS custom FROM customItemTypes

zotero(4)(+0000000): INSERT INTO fieldsCombined SELECT fieldID, fieldName, NULL AS label, fieldFormatID, 0 AS custom FROM fields UNION SELECT customFieldID + 10000 AS fieldID, fieldName, label, NULL, 1 AS custom FROM customFields

zotero(4)(+0000001): INSERT INTO itemTypeFieldsCombined SELECT itemTypeID, fieldID, hide, orderIndex FROM itemTypeFields UNION SELECT customItemTypeID + 10000 AS itemTypeID, COALESCE(fieldID, customFieldID + 10000) AS fieldID, hide, orderIndex FROM customItemTypeFields

zotero(4)(+0000000): INSERT INTO baseFieldMappingsCombined SELECT itemTypeID, baseFieldID, fieldID FROM baseFieldMappings UNION SELECT customItemTypeID + 10000 AS itemTypeID, baseFieldID, customFieldID + 10000 AS fieldID FROM customBaseFieldMappings

zotero(3)(+0000006): Getting contents of [xpconnect wrapped nsIChannel]

zotero(4)(+0000003): SELECT version FROM version WHERE schema='triggers'

zotero(3)(+0000000): Getting contents of [xpconnect wrapped nsIChannel]

zotero(3)(+0000000): Updating custom tables

zotero(4)(+0000001): PRAGMA foreign_keys

zotero(4)(+0000000): DELETE FROM itemTypesCombined

zotero(4)(+0000000): DELETE FROM fieldsCombined

zotero(4)(+0000000): DELETE FROM itemTypeFieldsCombined

zotero(4)(+0000001): DELETE FROM baseFieldMappingsCombined

zotero(4)(+0000000): INSERT INTO itemTypesCombined SELECT itemTypeID, typeName, display, 0 AS custom FROM itemTypes UNION SELECT customItemTypeID + 10000 AS itemTypeID, typeName, display, 1 AS custom FROM customItemTypes

zotero(4)(+0000000): INSERT INTO fieldsCombined SELECT fieldID, fieldName, NULL AS label, fieldFormatID, 0 AS custom FROM fields UNION SELECT customFieldID + 10000 AS fieldID, fieldName, label, NULL, 1 AS custom FROM customFields

zotero(4)(+0000000): INSERT INTO itemTypeFieldsCombined SELECT itemTypeID, fieldID, hide, orderIndex FROM itemTypeFields UNION SELECT customItemTypeID + 10000 AS itemTypeID, COALESCE(fieldID, customFieldID + 10000) AS fieldID, hide, orderIndex FROM customItemTypeFields

zotero(4)(+0000001): INSERT INTO baseFieldMappingsCombined SELECT itemTypeID, baseFieldID, fieldID FROM baseFieldMappings UNION SELECT customItemTypeID + 10000 AS itemTypeID, baseFieldID, customFieldID + 10000 AS fieldID FROM customBaseFieldMappings

zotero(4)(+0000007): Committed DB transaction 4QHORMyi

zotero(4)(+0000000): PRAGMA foreign_keys = true

zotero(4)(+0000000): Beginning DB transaction gRMgIqeN

zotero(4)(+0000001): SELECT value FROM settings WHERE setting='client' AND key='lastVersion'

zotero(4)(+0000000): Committed DB transaction gRMgIqeN

zotero(4)(+0000002): SELECT key, value FROM settings WHERE setting='account'

zotero(4)(+0000001): SELECT userID, name FROM users

zotero(4)(+0000000): SELECT L.libraryID, L.type AS _libraryType, L.editable AS _libraryEditable, L.filesEditable AS _libraryFilesEditable, L.version AS _libraryVersion, L.storageVersion AS _libraryStorageVersion, L.lastSync AS _libraryLastSync, L.archived AS _libraryArchived, L.isAdmin AS _libraryIsAdmin, (SELECT COUNT(*)>0 FROM collections C WHERE C.libraryID=L.libraryID) AS hasCollections, (SELECT COUNT(*)>0 FROM savedSearches S WHERE S.libraryID=L.libraryID) AS hasSearches FROM libraries L WHERE type NOT IN (?,?) ['feed', 'group']

zotero(4)(+0000000): SELECT L.libraryID, L.type AS _libraryType, L.editable AS _libraryEditable, L.filesEditable AS _libraryFilesEditable, L.version AS _libraryVersion, L.storageVersion AS _libraryStorageVersion, L.lastSync AS _libraryLastSync, L.archived AS _libraryArchived, L.isAdmin AS _libraryIsAdmin, (SELECT COUNT(*)>0 FROM collections C WHERE C.libraryID=L.libraryID) AS hasCollections, (SELECT COUNT(*)>0 FROM savedSearches S WHERE S.libraryID=L.libraryID) AS hasSearches, F.name AS _feedName, F.url AS _feedUrl, F.lastUpdate AS _feedLastUpdate, F.lastCheck AS _feedLastCheck, F.lastCheckError AS _feedLastCheckError, F.cleanupUnreadAfter AS _feedCleanupUnreadAfter, F.cleanupReadAfter AS _feedCleanupReadAfter, F.refreshInterval AS _feedRefreshInterval, (SELECT COUNT(*) FROM items I JOIN feedItems FI USING (itemID) WHERE I.libraryID=F.libraryID AND FI.readTime IS NULL) AS _feedUnreadCount FROM feeds F JOIN libraries L USING (libraryID)

zotero(4)(+0000001): SELECT L.libraryID, L.type AS _libraryType, L.editable AS _libraryEditable, L.filesEditable AS _libraryFilesEditable, L.version AS _libraryVersion, L.storageVersion AS _libraryStorageVersion, L.lastSync AS _libraryLastSync, L.archived AS _libraryArchived, L.isAdmin AS _libraryIsAdmin, (SELECT COUNT(*)>0 FROM collections C WHERE C.libraryID=L.libraryID) AS hasCollections, (SELECT COUNT(*)>0 FROM savedSearches S WHERE S.libraryID=L.libraryID) AS hasSearches, G.groupID, G.name AS _groupName, G.description AS _groupDescription, G.version AS _groupVersion FROM groups G JOIN libraries L USING (libraryID)

zotero(4)(+0000000): SELECT COALESCE(MAX(collectionID) + 1, 1) FROM collections

zotero(4)(+0000000): SELECT COALESCE(MAX(creatorID) + 1, 1) FROM creators

zotero(4)(+0000001): SELECT COALESCE(MAX(creatorTypeID) + 1, 1) FROM creatorTypes

zotero(4)(+0000000): SELECT COALESCE(MAX(customFieldID) + 1, 1) FROM customFields

zotero(4)(+0000000): SELECT COALESCE(MAX(customItemTypeID) + 1, 1) FROM customItemTypes

zotero(4)(+0000001): SELECT COALESCE(MAX(fieldID) + 1, 1) FROM fields

zotero(4)(+0000000): SELECT COALESCE(MAX(valueID) + 1, 1) FROM itemDataValues

zotero(4)(+0000000): SELECT COALESCE(MAX(itemTypeID) + 1, 1) FROM itemTypes

zotero(4)(+0000001): SELECT COALESCE(MAX(itemID) + 1, 1) FROM items

zotero(4)(+0000000): SELECT COALESCE(MAX(libraryID) + 1, 1) FROM libraries

zotero(4)(+0000000): SELECT COALESCE(MAX(proxyID) + 1, 1) FROM proxies

zotero(4)(+0000000): SELECT COALESCE(MAX(savedSearchID) + 1, 1) FROM savedSearches

zotero(4)(+0000001): SELECT COALESCE(MAX(tagID) + 1, 1) FROM tags

zotero(4)(+0000000): SELECT itemTypeID AS id, typeName AS name, custom FROM itemTypesCombined

zotero(4)(+0000000): SELECT itemTypeID AS id, typeName AS name, custom FROM itemTypesCombined WHERE typeName IN ('webpage', 'attachment', 'note', 'annotation')

zotero(4)(+0000001): SELECT customItemTypeID AS id, label, icon FROM customItemTypes

zotero(4)(+0000000): SELECT * FROM fieldFormats

zotero(4)(+0000000): SELECT * FROM fieldsCombined

zotero(4)(+0000001): SELECT fieldID, itemTypeID FROM itemTypeFieldsCombined

zotero(4)(+0000003): SELECT DISTINCT baseFieldID FROM baseFieldMappingsCombined

zotero(4)(+0000002): SELECT IT.itemTypeID, F.fieldID AS baseFieldID, BFM.fieldID FROM itemTypesCombined IT LEFT JOIN fieldsCombined F LEFT JOIN baseFieldMappingsCombined BFM ON (IT.itemTypeID=BFM.itemTypeID AND F.fieldID=BFM.baseFieldID)

zotero(4)(+0000044): SELECT DISTINCT baseFieldID FROM baseFieldMappingsCombined

zotero(4)(+0000002): Registering notifier observer 'tab_uU' for [tab]

zotero(4)(+0000012): SELECT itemTypeID, baseFieldID, fieldID, fieldName FROM baseFieldMappingsCombined JOIN fieldsCombined USING (fieldID)

zotero(4)(+0000008): SELECT DISTINCT fieldID FROM baseFieldMappingsCombined

zotero(4)(+0000000): SELECT itemTypeID, fieldID FROM itemTypeFieldsCombined ORDER BY orderIndex

zotero(4)(+0000004): SELECT creatorTypeID AS id, creatorType AS name FROM creatorTypes

zotero(4)(+0000001): SELECT itemTypeID, creatorTypeID AS id, creatorType AS name, primaryField FROM itemTypeCreatorTypes NATURAL JOIN creatorTypes

zotero(4)(+0000001): SELECT itemTypeID, creatorTypeID FROM itemTypeCreatorTypes WHERE primaryField=1

zotero(4)(+0000001): SELECT fileTypeID AS id, fileType AS name FROM fileTypes

zotero(4)(+0000000): SELECT charsetID AS id, charset AS name FROM charsets

zotero(4)(+0000001): SELECT predicateID AS id, predicate AS name FROM relationPredicates

zotero(3)(+0000000): Getting contents of E:\Kumiko\pythonProject\Zotero\tmp\zotero-0.6.0-final-profile\session.json

zotero(3)(+0000000): Running unlock callbacks

zotero(3)(+0000001): HTTP server listening on 127.0.0.1:23119

zotero(4)(+0000000): ATTACH ':memory:' AS 'indexing'

zotero(4)(+0000001): CREATE TABLE indexing.fulltextWords (word NOT NULL)

zotero(4)(+0000000): Registering notifier observer 'tags_s7' for [setting]

zotero(4)(+0000000): Registering notifier observer 'autoRenameFileFromParent_lJ' for [item] with priority 150

zotero(4)(+0000001): SELECT version FROM version WHERE schema='lastsync'

zotero(4)(+0000000): SELECT version FROM version WHERE schema='lastlocalsync'

zotero(4)(+0000000): SELECT name, syncObjectTypeID AS id FROM syncObjectTypes

zotero(4)(+0000000): Registering notifier observer 'storageLocal_12' for [group]

zotero(3)(+0000001): FileChangeWatcher: rdcw backend initialized

zotero(4)(+0000000): Registering notifier observer 'deleteLog_tn' for [collection,item,search,setting]

zotero(4)(+0000000): Registering notifier observer 'autosync_Aq' for all types

zotero(3)(+0000000): Registering auto-sync idle observer

zotero(4)(+0000000): Registering notifier observer 'storageFileOpen_kR' for [file]

zotero(4)(+0000000): Registering notifier observer 'streamer_ob' for [api-key]

zotero(3)(+0000001): Registering nsIObserver

zotero(4)(+0000000): SELECT * FROM proxies

zotero(4)(+0000001): SELECT ROWID AS id, libraryID, key FROM collections

zotero(3)(+0000001): Getting contents of E:\Kumiko\pythonProject\Zotero\tmp\zotero-0.6.0-smoke-data\locate\engines.json

zotero(4)(+0000000): SELECT ROWID AS id, libraryID, key FROM items

zotero(4)(+0000000): SELECT ROWID AS id, libraryID, key FROM savedSearches

zotero(4)(+0000000): SELECT fieldName FROM fieldsCombined WHERE fieldName NOT IN ('accessDate', 'date', 'pages', 'section','seriesNumber','issue')

zotero(1)(+0000001): Unknown item type 'nsfReviewer'

zotero(1)(+0000000): Unknown item type 'nsfReviewer'

zotero(1)(+0000000): Localized string not available for search-conditions-dateAdded

zotero(1)(+0000001): Localized string not available for search-conditions-title

zotero(1)(+0000000): Localized string not available for search-conditions-abstractNote

zotero(1)(+0000000): Localized string not available for search-conditions-medium

zotero(1)(+0000000): Localized string not available for search-conditions-artworkSize

zotero(1)(+0000000): Localized string not available for search-conditions-eventPlace

zotero(1)(+0000000): Localized string not available for search-conditions-DOI

zotero(1)(+0000000): Localized string not available for search-conditions-citationKey

zotero(1)(+0000000): Localized string not available for search-conditions-url

zotero(1)(+0000000): Localized string not available for search-conditions-archive

zotero(1)(+0000001): Localized string not available for search-conditions-archiveLocation

zotero(1)(+0000000): Localized string not available for search-conditions-shortTitle

zotero(1)(+0000000): Localized string not available for search-conditions-language

zotero(1)(+0000000): Localized string not available for search-conditions-libraryCatalog

zotero(1)(+0000000): Localized string not available for search-conditions-callNumber

zotero(1)(+0000000): Localized string not available for search-conditions-rights

zotero(1)(+0000000): Localized string not available for search-conditions-extra

zotero(1)(+0000000): Localized string not available for search-conditions-seriesTitle

zotero(1)(+0000000): Localized string not available for search-conditions-volume

zotero(1)(+0000000): Localized string not available for search-conditions-numberOfVolumes

zotero(1)(+0000000): Localized string not available for search-conditions-publisher

zotero(1)(+0000000): Localized string not available for search-conditions-place

zotero(1)(+0000000): Localized string not available for search-conditions-runningTime

zotero(1)(+0000001): Localized string not available for search-conditions-ISBN

zotero(1)(+0000000): Localized string not available for search-conditions-number

zotero(1)(+0000000): Localized string not available for search-conditions-code

zotero(1)(+0000000): Localized string not available for search-conditions-authority

zotero(1)(+0000000): Localized string not available for search-conditions-session

zotero(1)(+0000000): Localized string not available for search-conditions-history

zotero(1)(+0000000): Localized string not available for search-conditions-publicationTitle

zotero(1)(+0000000): Localized string not available for search-conditions-type

zotero(1)(+0000000): Localized string not available for search-conditions-ISSN

zotero(1)(+0000000): Localized string not available for search-conditions-series

zotero(1)(+0000000): Localized string not available for search-conditions-edition

zotero(1)(+0000001): Localized string not available for search-conditions-originalDate

zotero(1)(+0000000): Localized string not available for search-conditions-originalPublisher

zotero(1)(+0000000): Localized string not available for search-conditions-originalPlace

zotero(1)(+0000000): Localized string not available for search-conditions-numPages

zotero(1)(+0000000): Localized string not available for search-conditions-reporter

zotero(1)(+0000000): Localized string not available for search-conditions-versionNumber

zotero(1)(+0000001): Localized string not available for search-conditions-system

zotero(1)(+0000000): Localized string not available for search-conditions-conferenceName

zotero(1)(+0000000): Localized string not available for search-conditions-committee

zotero(1)(+0000000): Localized string not available for search-conditions-partNumber

zotero(1)(+0000000): Localized string not available for search-conditions-partTitle

zotero(1)(+0000000): Localized string not available for search-conditions-seriesText

zotero(1)(+0000000): Localized string not available for search-conditions-journalAbbreviation

zotero(1)(+0000000): Localized string not available for search-conditions-PMID

zotero(1)(+0000000): Localized string not available for search-conditions-PMCID

zotero(1)(+0000000): Localized string not available for search-conditions-scale

zotero(1)(+0000001): Localized string not available for search-conditions-country

zotero(1)(+0000000): Localized string not available for search-conditions-assignee

zotero(1)(+0000000): Localized string not available for search-conditions-filingDate

zotero(1)(+0000000): Localized string not available for search-conditions-applicationNumber

zotero(1)(+0000000): Localized string not available for search-conditions-priorityNumbers

zotero(1)(+0000000): Localized string not available for search-conditions-references

zotero(1)(+0000000): Localized string not available for search-conditions-status

zotero(1)(+0000000): Localized string not available for search-conditions-meetingName

zotero(1)(+0000000): Localized string not available for search-conditions-codeNumber

zotero(1)(+0000000): Localized string not available for search-conditions-accessDate

zotero(1)(+0000000): Localized string not available for search-conditions-date

zotero(1)(+0000001): Localized string not available for search-conditions-pages

zotero(1)(+0000000): Localized string not available for search-conditions-section

zotero(1)(+0000000): Localized string not available for search-conditions-seriesNumber

zotero(1)(+0000000): Localized string not available for search-conditions-issue

zotero(4)(+0000000): SELECT tagID, name FROM tags

zotero(4)(+0000001): SELECT * FROM creators

zotero(3)(+0000000): Loading collection relations

zotero(4)(+0000001): SELECT * FROM collectionRelations JOIN relationPredicates USING (predicateID)

zotero(3)(+0000000): Loaded collection relations in 1 ms

zotero(3)(+0000000): Loading item relations

zotero(4)(+0000000): SELECT * FROM itemRelations JOIN relationPredicates USING (predicateID)

zotero(3)(+0000000): Loaded item relations in 0 ms

zotero(4)(+0000000): SELECT itemID AS id, fieldID, value FROM itemData JOIN itemDataValues USING (valueID) WHERE fieldID IN (?, ?) [8, 19]

zotero(4)(+0000001): Registering notifier observer 'retractions_iN' for [item,group] with priority 20

zotero(4)(+0000000): SELECT libraryID, itemID, DI.itemID IS NOT NULL AS deleted, RI.flag FROM items JOIN retractedItems RI USING (itemID) LEFT JOIN deletedItems DI USING (itemID)

zotero(4)(+0000001): Registering notifier observer 'attachmentReadObserver_hy' for [file,setting]

zotero(3)(+0000000): Loading synced settings for library 1

zotero(4)(+0000000): SELECT setting, value, synced, version FROM syncedSettings WHERE libraryID=? [1]

zotero(3)(+0000000): Loading all collections in 我的文库

zotero(3)(+0000001): Loading primaryData for collections in 我的文库

zotero(4)(+0000000): SELECT O.collectionID, O.collectionName AS name, O.libraryID, O.key, O.version, O.synced, DC.collectionID IS NOT NULL AS deleted, O.parentCollectionID AS parentID, CP.key AS parentKey, (SELECT COUNT(*) FROM collections WHERE parentCollectionID=O.collectionID) != 0 AS hasChildCollections, (SELECT COUNT(*) FROM collectionItems WHERE collectionID=O.collectionID) != 0 AS hasChildItems FROM collections O LEFT JOIN deletedCollections DC ON (O.collectionID=DC.collectionID)LEFT JOIN collections CP ON (O.parentCollectionID=CP.collectionID)  WHERE 1 AND O.libraryID=? [1]

zotero(3)(+0000000): Loaded primaryData in 我的文库 in 0 ms

zotero(3)(+0000000): Loading childCollections for collections in 我的文库

zotero(4)(+0000000): SELECT C1.collectionID, C2.collectionID AS childCollectionID FROM collections C1 LEFT JOIN collections C2 ON (C1.collectionID=C2.parentCollectionID) WHERE C1.libraryID=? [1]

zotero(3)(+0000001): Loaded childCollections in 我的文库 in 1 ms

zotero(3)(+0000000): Loading childItems for collections in 我的文库

zotero(4)(+0000000): SELECT collectionID, itemID FROM collections LEFT JOIN collectionItems USING (collectionID) WHERE libraryID=? [1]

zotero(3)(+0000000): Loaded childItems in 我的文库 in 0 ms

zotero(3)(+0000000): Loading relations for collections in 我的文库

zotero(4)(+0000000): SELECT collectionID, predicate, object FROM collections LEFT JOIN collectionRelations USING (collectionID) LEFT JOIN relationPredicates USING (predicateID) WHERE libraryID=? [1]

zotero(3)(+0000000): Loaded relations in 我的文库 in 0 ms

zotero(3)(+0000000): Loaded collections in 我的文库 in 2 ms

zotero(3)(+0000001): Loading all searches in 我的文库

zotero(3)(+0000000): Loading primaryData for searches in 我的文库

zotero(4)(+0000000): SELECT O.savedSearchID, O.savedSearchName AS name, O.libraryID, O.key, O.version, O.synced, DS.savedSearchID IS NOT NULL AS deleted FROM savedSearches O LEFT JOIN deletedSearches DS ON (O.savedSearchID=DS.savedSearchID) WHERE 1 AND O.libraryID=? [1]

zotero(3)(+0000001): Loaded primaryData in 我的文库 in 1 ms

zotero(3)(+0000000): Loading conditions for searches in 我的文库

zotero(4)(+0000000): SELECT savedSearchID, searchConditionID, condition, operator, value, required FROM savedSearches LEFT JOIN savedSearchConditions USING (savedSearchID) WHERE libraryID=?ORDER BY savedSearchID, searchConditionID [1]

zotero(3)(+0000000): Loaded conditions in 我的文库 in 0 ms

zotero(3)(+0000000): Loaded searches in 我的文库 in 1 ms

zotero(3)(+0000000): Initializing Quick Copy

zotero(4)(+0000001): Registering notifier observer 'feedsUpdate_Lt' for [sync]

zotero(3)(+0000000): Running initialization callbacks

zotero(3)(+0000000): Triggering "zotero-loaded" event

zotero(3)(+0000000): Initializing Word Processor plugins

zotero(3)(+0000002): PluginInstaller LibreOffice: Fetching addon info

zotero(3)(+0000000): HTTP GET resource://zotero-libreoffice-integration/version.txt

zotero(3)(+0000001): PluginInstaller Microsoft Word: Fetching addon info

zotero(3)(+0000000): HTTP GET resource://zotero-winword-integration/version.txt

zotero(3)(+0000001): LibreOfficePlugin: Communication server listening on 127.0.0.1:23116

zotero(3)(+0000000): LibreOfficePlugin: Registering shutdown listener

zotero(3)(+0000001): Initializing Zotero pane

zotero(3)(+0000011): Initializing React CollectionTree

zotero(4)(+0000017): Registering notifier observer 'collectionTree_OW' for [collection,search,feed,share,group,trash,bucket] with priority 25

zotero(3)(+0000002): Refreshing collections pane

zotero(4)(+0000001): SELECT savedSearchID FROM savedSearches WHERE libraryID=? [1]

zotero(3)(+0000000): React CollectionTree initialized

zotero(3)(+0000004): Initializing React ItemTree main

zotero(3)(+0000002): HTTP GET resource://zotero-libreoffice-integration/version.txt succeeded with 200

zotero(3)(+0000000): PluginInstaller LibreOffice: Addon info fetched. version: 9.0.0.SOURCE, file version: 9.0.0pre, installed version: attempted: 

zotero(3)(+0000000): PluginInstaller LibreOffice: New version since last attempt to install. Will display prompt upon failure.

zotero(3)(+0000001): HTTP GET resource://zotero-winword-integration/version.txt succeeded with 200

zotero(3)(+0000000): PluginInstaller Microsoft Word: Addon info fetched. version: 9.0.0.SOURCE, file version: 9.0.0pre, installed version: attempted: 

zotero(3)(+0000000): PluginInstaller Microsoft Word: New version since last attempt to install. Will display prompt upon failure.

zotero(4)(+0000001): SELECT itemID FROM items JOIN deletedItems USING (itemID) WHERE libraryID=? [1]

zotero(4)(+0000001): Registering notifier observer 'tagSelector_Hj' for [collection-item,item,item-tag,tag,setting]

zotero(3)(+0000000): Rendering tag selector

zotero(3)(+0000001): Rendering tag list

zotero(4)(+0000002): Registering notifier observer 'itemTreeView_LS' for [item,collection-item,item-tag,share-items,bucket,feedItem,search,itemtree,collection] with priority 50

zotero(3)(+0000000): itemTree.render(). Displaying Item Pane Message

zotero(3)(+0000001): React ItemTree main initialized

zotero(3)(+0000000): User interface ready in 991 ms

zotero(3)(+0000003): Connecting to streaming server at wss://stream.zotero.org/

zotero(4)(+0000002): SELECT collectionID FROM collections JOIN deletedCollections USING (collectionID) WHERE libraryID=? [1]

zotero(3)(+0000001): itemTree.render(). Displaying Item Pane Message

zotero(4)(+0000001): Registering notifier observer 'KU' for [api-key]

zotero(4)(+0000000): Registering notifier observer 'syncReminder_Ma' for [item]

zotero(4)(+0000001): SELECT savedSearchID FROM savedSearches JOIN deletedSearches USING (savedSearchID) WHERE libraryID=? [1]

zotero(3)(+0000001): Getting contents of [xpconnect wrapped nsIChannel]

zotero(3)(+0000003): CollectionTree.selectWait(): selectEventsSuppressed. Not waiting to select row 0

zotero(3)(+0000000): Waiting for items to load for library 1

zotero(3)(+0000000): Loading all items in 我的文库

zotero(3)(+0000000): Loading primaryData for items in 我的文库

zotero(4)(+0000001): SELECT O.itemID, O.itemTypeID, O.dateAdded, O.dateModified, O.libraryID, O.key, O.version, O.synced, createdByUserID, lastModifiedByUserID, COALESCE(CASE (SELECT COUNT(*) FROM itemCreators IC LEFT JOIN itemTypeCreatorTypes ITCT ON (IC.creatorTypeID=ITCT.creatorTypeID AND ITCT.itemTypeID=O.itemTypeID) WHERE itemID=O.itemID AND primaryField=1) WHEN 0 THEN NULL WHEN 1 THEN (SELECT lastName FROM itemCreators IC NATURAL JOIN creators LEFT JOIN itemTypeCreatorTypes ITCT ON (IC.creatorTypeID=ITCT.creatorTypeID AND ITCT.itemTypeID=O.itemTypeID) WHERE itemID=O.itemID AND primaryField=1) WHEN 2 THEN (SELECT PRINTF('%s和%s', (SELECT '⁨' || lastName || '⁩' FROM itemCreators IC NATURAL JOIN creators LEFT JOIN itemTypeCreatorTypes ITCT ON (IC.creatorTypeID=ITCT.creatorTypeID AND ITCT.itemTypeID=O.itemTypeID) WHERE itemID=O.itemID AND primaryField=1 ORDER BY orderIndex LIMIT 1), (SELECT '⁨' || lastName || '⁩' FROM itemCreators IC NATURAL JOIN creators LEFT JOIN itemTypeCreatorTypes ITCT ON (IC.creatorTypeID=ITCT.creatorTypeID AND ITCT.itemTypeID=O.itemTypeID) WHERE itemID=O.itemID AND primaryField=1 ORDER BY orderIndex LIMIT 1,1) )) ELSE (SELECT (SELECT lastName FROM itemCreators IC NATURAL JOIN creators LEFT JOIN itemTypeCreatorTypes ITCT ON (IC.creatorTypeID=ITCT.creatorTypeID AND ITCT.itemTypeID=O.itemTypeID) WHERE itemID=O.itemID AND primaryField=1 ORDER BY orderIndex LIMIT 1) || ' 等' ) END, CASE (SELECT COUNT(*) FROM itemCreators IC WHERE itemID=O.itemID AND creatorTypeID=12) WHEN 0 THEN NULL WHEN 1 THEN (SELECT lastName FROM itemCreators IC NATURAL JOIN creators WHERE itemID=O.itemID AND creatorTypeID=12) WHEN 2 THEN (SELECT PRINTF('%s和%s', (SELECT '⁨' || lastName || '⁩' FROM itemCreators IC NATURAL JOIN creators WHERE itemID=O.itemID AND creatorTypeID=12 ORDER BY orderIndex LIMIT 1), (SELECT '⁨' || lastName || '⁩' FROM itemCreators IC NATURAL JOIN creators WHERE itemID=O.itemID AND creatorTypeID=12 ORDER BY orderIndex LIMIT 1,1) )) ELSE (SELECT (SELECT lastName FROM itemCreators IC NATURAL JOIN creators WHERE itemID=O.itemID AND creatorTypeID=12 ORDER BY orderIndex LIMIT 1) || ' 等' ) END, CASE (SELECT COUNT(*) FROM itemCreators IC WHERE itemID=O.itemID AND creatorTypeID=19) WHEN 0 THEN NULL WHEN 1 THEN (SELECT lastName FROM itemCreators IC NATURAL JOIN creators WHERE itemID=O.itemID AND creatorTypeID=19) WHEN 2 THEN (SELECT PRINTF('%s和%s', (SELECT '⁨' || lastName || '⁩' FROM itemCreators IC NATURAL JOIN creators WHERE itemID=O.itemID AND creatorTypeID=19 ORDER BY orderIndex LIMIT 1), (SELECT '⁨' || lastName || '⁩' FROM itemCreators IC NATURAL JOIN creators WHERE itemID=O.itemID AND creatorTypeID=19 ORDER BY orderIndex LIMIT 1,1) )) ELSE (SELECT (SELECT lastName FROM itemCreators IC NATURAL JOIN creators WHERE itemID=O.itemID AND creatorTypeID=19 ORDER BY orderIndex LIMIT 1) || ' 等' ) END, CASE (SELECT COUNT(*) FROM itemCreators IC WHERE itemID=O.itemID AND creatorTypeID=2) WHEN 0 THEN NULL WHEN 1 THEN (SELECT lastName FROM itemCreators IC NATURAL JOIN creators WHERE itemID=O.itemID AND creatorTypeID=2) WHEN 2 THEN (SELECT PRINTF('%s和%s', (SELECT '⁨' || lastName || '⁩' FROM itemCreators IC NATURAL JOIN creators WHERE itemID=O.itemID AND creatorTypeID=2 ORDER BY orderIndex LIMIT 1), (SELECT '⁨' || lastName || '⁩' FROM itemCreators IC NATURAL JOIN creators WHERE itemID=O.itemID AND creatorTypeID=2 ORDER BY orderIndex LIMIT 1,1) )) ELSE (SELECT (SELECT lastName FROM itemCreators IC NATURAL JOIN creators WHERE itemID=O.itemID AND creatorTypeID=2 ORDER BY orderIndex LIMIT 1) || ' 等' ) END) AS firstCreator, COALESCE(CASE (SELECT COUNT(*) FROM itemCreators IC LEFT JOIN itemTypeCreatorTypes ITCT ON (IC.creatorTypeID=ITCT.creatorTypeID AND ITCT.itemTypeID=O.itemTypeID) WHERE itemID=O.itemID AND primaryField=1) WHEN 0 THEN NULL WHEN 1 THEN (SELECT lastName || ' ' || firstName FROM itemCreators IC NATURAL JOIN creators LEFT JOIN itemTypeCreatorTypes ITCT ON (IC.creatorTypeID=ITCT.creatorTypeID AND ITCT.itemTypeID=O.itemTypeID) WHERE itemID=O.itemID AND primaryField=1) WHEN 2 THEN (SELECT (SELECT lastName || ' ' || firstName FROM itemCreators IC NATURAL JOIN creators LEFT JOIN itemTypeCreatorTypes ITCT ON (IC.creatorTypeID=ITCT.creatorTypeID AND ITCT.itemTypeID=O.itemTypeID) WHERE itemID=O.itemID AND primaryField=1 ORDER BY orderIndex LIMIT 1) || ' ' || (SELECT lastName || ' ' || firstName FROM itemCreators IC NATURAL JOIN creators LEFT JOIN itemTypeCreatorTypes ITCT ON (IC.creatorTypeID=ITCT.creatorTypeID AND ITCT.itemTypeID=O.itemTypeID) WHERE itemID=O.itemID AND primaryField=1 ORDER BY orderIndex LIMIT 1,1)) ELSE (SELECT (SELECT lastName || ' ' || firstName FROM itemCreators IC NATURAL JOIN creators LEFT JOIN itemTypeCreatorTypes ITCT ON (IC.creatorTypeID=ITCT.creatorTypeID AND ITCT.itemTypeID=O.itemTypeID) WHERE itemID=O.itemID AND primaryField=1 ORDER BY orderIndex LIMIT 1) || ' ' || (SELECT lastName || ' ' || firstName FROM itemCreators IC NATURAL JOIN creators LEFT JOIN itemTypeCreatorTypes ITCT ON (IC.creatorTypeID=ITCT.creatorTypeID AND ITCT.itemTypeID=O.itemTypeID) WHERE itemID=O.itemID AND primaryField=1 ORDER BY orderIndex LIMIT 1,1) || ' ' || (SELECT lastName || ' ' || firstName FROM itemCreators IC NATURAL JOIN creators LEFT JOIN itemTypeCreatorTypes ITCT ON (IC.creatorTypeID=ITCT.creatorTypeID AND ITCT.itemTypeID=O.itemTypeID) WHERE itemID=O.itemID AND primaryField=1 ORDER BY orderIndex LIMIT 2,1)) END, CASE (SELECT COUNT(*) FROM itemCreators IC WHERE itemID=O.itemID AND creatorTypeID=12) WHEN 0 THEN NULL WHEN 1 THEN (SELECT lastName || ' ' || firstName FROM itemCreators IC NATURAL JOIN creators WHERE itemID=O.itemID AND creatorTypeID=12) WHEN 2 THEN (SELECT (SELECT lastName || ' ' || firstName FROM itemCreators IC NATURAL JOIN creators WHERE itemID=O.itemID AND creatorTypeID=12 ORDER BY orderIndex LIMIT 1) || ' ' || (SELECT lastName || ' ' || firstName FROM itemCreators IC NATURAL JOIN creators WHERE itemID=O.itemID AND creatorTypeID=12 ORDER BY orderIndex LIMIT 1,1)) ELSE (SELECT (SELECT lastName || ' ' || firstName FROM itemCreators IC NATURAL JOIN creators WHERE itemID=O.itemID AND creatorTypeID=12 ORDER BY orderIndex LIMIT 1) || ' ' || (SELECT lastName || ' ' || firstName FROM itemCreators IC NATURAL JOIN creators WHERE itemID=O.itemID AND creatorTypeID=12 ORDER BY orderIndex LIMIT 1,1) || ' ' || (SELECT lastName || ' ' || firstName FROM itemCreators IC NATURAL JOIN creators WHERE itemID=O.itemID AND creatorTypeID=12 ORDER BY orderIndex LIMIT 2,1)) END, CASE (SELECT COUNT(*) FROM itemCreators IC WHERE itemID=O.itemID AND creatorTypeID=19) WHEN 0 THEN NULL WHEN 1 THEN (SELECT lastName || ' ' || firstName FROM itemCreators IC NATURAL JOIN creators WHERE itemID=O.itemID AND creatorTypeID=19) WHEN 2 THEN (SELECT (SELECT lastName || ' ' || firstName FROM itemCreators IC NATURAL JOIN creators WHERE itemID=O.itemID AND creatorTypeID=19 ORDER BY orderIndex LIMIT 1) || ' ' || (SELECT lastName || ' ' || firstName FROM itemCreators IC NATURAL JOIN creators WHERE itemID=O.itemID AND creatorTypeID=19 ORDER BY orderIndex LIMIT 1,1)) ELSE (SELECT (SELECT lastName || ' ' || firstName FROM itemCreators IC NATURAL JOIN creators WHERE itemID=O.itemID AND creatorTypeID=19 ORDER BY orderIndex LIMIT 1) || ' ' || (SELECT lastName || ' ' || firstName FROM itemCreators IC NATURAL JOIN creators WHERE itemID=O.itemID AND creatorTypeID=19 ORDER BY orderIndex LIMIT 1,1) || ' ' || (SELECT lastName || ' ' || firstName FROM itemCreators IC NATURAL JOIN creators WHERE itemID=O.itemID AND creatorTypeID=19 ORDER BY orderIndex LIMIT 2,1)) END, CASE (SELECT COUNT(*) FROM itemCreators IC WHERE itemID=O.itemID AND creatorTypeID=2) WHEN 0 THEN NULL WHEN 1 THEN (SELECT lastName || ' ' || firstName FROM itemCreators IC NATURAL JOIN creators WHERE itemID=O.itemID AND creatorTypeID=2) WHEN 2 THEN (SELECT (SELECT lastName || ' ' || firstName FROM itemCreators IC NATURAL JOIN creators WHERE itemID=O.itemID AND creatorTypeID=2 ORDER BY orderIndex LIMIT 1) || ' ' || (SELECT lastName || ' ' || firstName FROM itemCreators IC NATURAL JOIN creators WHERE itemID=O.itemID AND creatorTypeID=2 ORDER BY orderIndex LIMIT 1,1)) ELSE (SELECT (SELECT lastName || ' ' || firstName FROM itemCreators IC NATURAL JOIN creators WHERE itemID=O.itemID AND creatorTypeID=2 ORDER BY orderIndex LIMIT 1) || ' ' || (SELECT lastName || ' ' || firstName FROM itemCreators IC NATURAL JOIN creators WHERE itemID=O.itemID AND creatorTypeID=2 ORDER BY orderIndex LIMIT 1,1) || ' ' || (SELECT lastName || ' ' || firstName FROM itemCreators IC NATURAL JOIN creators WHERE itemID=O.itemID AND creatorTypeID=2 ORDER BY orderIndex LIMIT 2,1)) END) AS sortCreator, DI.itemID IS NOT NULL AS deleted, PI.itemID IS NOT NULL AS inPublications, (CASE O.itemTypeID WHEN 3 THEN IAP.itemID WHEN 28 THEN INoP.itemID WHEN 1 THEN IAnP.itemID END) AS parentID, (CASE O.itemTypeID WHEN 3 THEN IAP.key WHEN 28 THEN INoP.key WHEN 1 THEN IAnP.key END) AS parentKey, CS.charset AS attachmentCharset, IA.linkMode AS attachmentLinkMode, IA.contentType AS attachmentContentType, IA.path AS attachmentPath, IA.syncState AS attachmentSyncState, IA.storageModTime AS attachmentSyncedModificationTime, IA.storageHash AS attachmentSyncedHash, IA.lastProcessedModificationTime AS attachmentLastProcessedModificationTime, IA.lastRead AS attachmentLastRead, FI.guid AS feedItemGUID, FI.readTime AS feedItemReadTime, FI.translatedTime AS feedItemTranslatedTime FROM items O LEFT JOIN itemAttachments IA USING (itemID) LEFT JOIN items IAP ON (IA.parentItemID=IAP.itemID) LEFT JOIN itemNotes INo ON (O.itemID=INo.itemID) LEFT JOIN items INoP ON (INo.parentItemID=INoP.itemID) LEFT JOIN itemAnnotations IAn ON (O.itemID=IAn.itemID) LEFT JOIN items IAnP ON (IAn.parentItemID=IAnP.itemID) LEFT JOIN deletedItems DI ON (O.itemID=DI.itemID) LEFT JOIN publicationsItems PI ON (O.itemID=PI.itemID) LEFT JOIN charsets CS ON (IA.charsetID=CS.charsetID)LEFT JOIN groupItems GI ON (O.itemID=GI.itemID) LEFT JOIN feedItems FI ON (FI.itemID=O.itemID) WHERE 1 AND O.libraryID=? [1]

zotero(3)(+0000005): Loaded primaryData in 我的文库 in 6 ms

zotero(3)(+0000000): Loading creators for items in 我的文库

zotero(4)(+0000000): SELECT itemID, creatorID, creatorTypeID, orderIndex FROM items LEFT JOIN itemCreators USING (itemID) WHERE libraryID=? ORDER BY itemID, orderIndex [1]

zotero(3)(+0000002): Getting contents of [xpconnect wrapped nsIChannel]

zotero(3)(+0000007): Loaded creators in 我的文库 in 9 ms

zotero(3)(+0000000): Loading tags for items in 我的文库

zotero(4)(+0000000): SELECT itemID, name, type FROM items LEFT JOIN itemTags USING (itemID) LEFT JOIN tags USING (tagID) WHERE libraryID=? [1]

zotero(3)(+0000004): Calling bootstrap method 'startup' for plugin reader-text-highlighter@local.kumiko version 0.6.0 with reason APP_STARTUP

zotero(4)(+0000000): Beginning DB transaction NEnpn55L

zotero(3)(+0000001): [reader-text-highlighter@local.kumiko] registered item pane section reader-text-highlighter-pane

zotero(3)(+0000000): [paper-assistant-translations] Asynchronously opening database 'paper-assistant-translations'

zotero(3)(+0000000): E:\Kumiko\pythonProject\Zotero\tmp\zotero-0.6.0-smoke-data\paper-assistant-translations.sqlite

zotero(3)(+0000000): [reader-text-highlighter@local.kumiko] started

zotero(3)(+0000002): Loaded tags in 我的文库 in 7 ms

zotero(3)(+0000000): Loading annotation for items in 我的文库

zotero(4)(+0000000): SELECT itemID, IA.parentItemID, IA.type, IA.authorName, IA.text, IA.comment, IA.color, IA.sortIndex, IA.isExternal FROM items JOIN itemAnnotations IA USING (itemID) WHERE libraryID=? [1]

zotero(3)(+0000004): Notifier.trigger('refresh', 'itempane', [], {}) queued 

zotero(3)(+0000001): Loaded annotation in 我的文库 in 5 ms

zotero(3)(+0000000): Loading itemData for items in 我的文库

zotero(4)(+0000000): SELECT itemID, fieldID, value FROM items JOIN itemData USING (itemID) JOIN itemDataValues USING (valueID) WHERE libraryID=? AND itemTypeID!=? [1, 28]

zotero(4)(+0000001): Committed DB transaction NEnpn55L

zotero(3)(+0000000): Committing notifier event queue [refresh-itempane: 0]

zotero(3)(+0000000): Notifier.trigger('refresh', 'itempane', [], {}) called [observers: 2]

zotero(4)(+0000000): 
        CREATE TABLE IF NOT EXISTS translations (
          library_id INTEGER NOT NULL,
          attachment_key TEXT NOT NULL,
          page_index INTEGER NOT NULL,
          position_signature TEXT NOT NULL,
          source_hash TEXT NOT NULL,
          model TEXT NOT NULL,
          prompt_version TEXT NOT NULL,
          zh_text TEXT NOT NULL DEFAULT '',
          status TEXT NOT NULL,
          created_at INTEGER NOT NULL,
          PRIMARY KEY (
            library_id, attachment_key, page_index, position_signature,
            source_hash, model, prompt_version
          )
        )
      

zotero(4)(+0000000): SELECT itemID FROM items WHERE libraryID=? [1]

zotero(4)(+0000001): SELECT itemID, title FROM items JOIN itemNotes USING (itemID) WHERE libraryID=? AND itemID NOT IN (SELECT itemID FROM itemAttachments) [1]

zotero(3)(+0000000): Loaded itemData in 我的文库 in 2 ms

zotero(3)(+0000000): Loading note for items in 我的文库

zotero(4)(+0000000): SELECT itemID, note FROM items JOIN itemNotes USING (itemID) WHERE libraryID=? [1]

zotero(4)(+0000001): SELECT itemID FROM items WHERE libraryID=? AND itemTypeID IN (?, ?) AND itemID NOT IN (SELECT itemID FROM itemNotes) [1, 28, 3]

zotero(3)(+0000003): Loaded note in 我的文库 in 4 ms

zotero(3)(+0000000): Loading annotationDeferred for items in 我的文库

zotero(4)(+0000000): SELECT itemID, IA.position, IA.pageLabel FROM items JOIN itemAnnotations IA USING (itemID) WHERE libraryID=? [1]

zotero(3)(+0000002): Loaded annotationDeferred in 我的文库 in 2 ms

zotero(3)(+0000000): Loading childItems for items in 我的文库

zotero(4)(+0000000): SELECT parentItemID, A.itemID, value AS title, CASE WHEN DI.itemID IS NULL THEN 0 ELSE 1 END AS trashed FROM itemAttachments A JOIN items I ON (A.parentItemID=I.itemID) LEFT JOIN itemData ID ON (fieldID=1 AND A.itemID=ID.itemID) LEFT JOIN itemDataValues IDV USING (valueID) LEFT JOIN deletedItems DI USING (itemID) WHERE libraryID=? ORDER BY parentItemID [1]

zotero(4)(+0000002): SELECT parentItemID, N.itemID, title, CASE WHEN DI.itemID IS NULL THEN 0 ELSE 1 END AS trashed FROM itemNotes N JOIN items I ON (N.parentItemID=I.itemID) LEFT JOIN deletedItems DI USING (itemID) WHERE libraryID=? ORDER BY parentItemID [1]

zotero(4)(+0000000): SELECT parentItemID, IAn.itemID, text || ' - ' || comment AS title, CASE WHEN DI.itemID IS NULL THEN 0 ELSE 1 END AS trashed FROM itemAnnotations IAn JOIN items I ON (IAn.parentItemID=I.itemID) LEFT JOIN deletedItems DI USING (itemID) WHERE libraryID=? ORDER BY parentItemID, sortIndex [1]

zotero(4)(+0000000): SELECT itemID FROM items I WHERE libraryID=? [1]

zotero(3)(+0000001): Loaded childItems in 我的文库 in 3 ms

zotero(3)(+0000000): Loading collections for items in 我的文库

zotero(4)(+0000000): SELECT itemID, collectionID FROM items LEFT JOIN collectionItems USING (itemID) WHERE libraryID=? [1]

zotero(3)(+0000001): Loaded collections in 我的文库 in 1 ms

zotero(3)(+0000000): Loading relations for items in 我的文库

zotero(4)(+0000000): SELECT itemID, predicate, object FROM items LEFT JOIN itemRelations USING (itemID) LEFT JOIN relationPredicates USING (predicateID) WHERE libraryID=? [1]

zotero(3)(+0000000): Loaded relations in 我的文库 in 0 ms

zotero(3)(+0000000): Loaded items in 我的文库 in 39 ms

zotero(3)(+0000000): itemTree.changeCollectionTreeRow(): L1

zotero(3)(+0000001): Getting contents of E:\Kumiko\pythonProject\Zotero\tmp\zotero-0.6.0-final-profile\treePrefs.json

zotero(3)(+0000000): Creating string pref 'extensions.zotero.lastViewedFolder'

zotero(3)(+0000000): React CollectionTree loaded

zotero(3)(+0000001): Writing column prefs of length 2 to file E:\Kumiko\pythonProject\Zotero\tmp\zotero-0.6.0-final-profile\treePrefs.json

zotero(3)(+0000001): Getting contents of E:\Kumiko\pythonProject\Zotero\tmp\zotero-0.6.0-final-profile\treePrefs.json

zotero(3)(+0000001): Refreshing items list for item-tree-main-default

zotero(4)(+0000000): CREATE TEMPORARY TABLE tmpSearchResults_K9bihgXv AS SELECT itemID FROM items WHERE (itemID NOT  IN (SELECT itemID FROM deletedItems UNION SELECT itemID FROM itemNotes WHERE parentItemID IS NOT NULL AND parentItemID IN (SELECT itemID FROM deletedItems) UNION SELECT itemID FROM itemAttachments WHERE parentItemID IS NOT NULL AND parentItemID IN (SELECT itemID FROM deletedItems)UNION SELECT itemID FROM itemAnnotations WHERE parentItemID IN (SELECT itemID FROM deletedItems)UNION SELECT itemID FROM itemAnnotations WHERE parentItemID IN (SELECT itemID FROM itemAttachments WHERE parentItemID IN (SELECT itemID FROM deletedItems)))) AND (itemID NOT IN (SELECT itemID FROM itemNotes WHERE parentItemID IS NOT NULL) AND itemID NOT IN (SELECT itemID FROM itemAttachments WHERE parentItemID IS NOT NULL) AND itemID NOT IN (SELECT itemID FROM itemAnnotations WHERE parentItemID IS NOT NULL)) AND (itemID IN (SELECT itemID FROM items WHERE libraryID=?)) [1]

zotero(4)(+0000001): CREATE INDEX tmpSearchResults_K9bihgXv_itemID ON tmpSearchResults_K9bihgXv(itemID)

zotero(4)(+0000000): SELECT GROUP_CONCAT(itemID) FROM items WHERE itemID IN (SELECT itemID FROM items WHERE (itemID NOT  IN (SELECT itemID FROM deletedItems UNION SELECT itemID FROM itemNotes WHERE parentItemID IS NOT NULL AND parentItemID IN (SELECT itemID FROM deletedItems) UNION SELECT itemID FROM itemAttachments WHERE parentItemID IS NOT NULL AND parentItemID IN (SELECT itemID FROM deletedItems)UNION SELECT itemID FROM itemAnnotations WHERE parentItemID IN (SELECT itemID FROM deletedItems)UNION SELECT itemID FROM itemAnnotations WHERE parentItemID IN (SELECT itemID FROM itemAttachments WHERE parentItemID IN (SELECT itemID FROM deletedItems)))) AND (itemID IN (SELECT itemID FROM items WHERE libraryID=?))) AND (itemID IN (SELECT itemID FROM tmpSearchResults_K9bihgXv) OR itemID IN (SELECT itemID FROM itemAttachments WHERE parentItemID IN (SELECT itemID FROM tmpSearchResults_K9bihgXv)) OR itemID IN (SELECT itemID FROM itemNotes WHERE parentItemID IN (SELECT itemID FROM tmpSearchResults_K9bihgXv)) OR itemID IN ( SELECT itemID FROM itemAnnotations WHERE  parentItemID IN ( SELECT itemID FROM itemAttachments WHERE  parentItemID IN ( SELECT itemID FROM tmpSearchResults_K9bihgXv))) OR itemID IN (SELECT itemID FROM itemAnnotations WHERE parentItemID IN (SELECT itemID FROM tmpSearchResults_K9bihgXv))) [1]

zotero(4)(+0000002): DROP TABLE IF EXISTS tmpSearchResults_K9bihgXv

zotero(3)(+0000001): Refreshed open parents in 0 ms

zotero(3)(+0000000): Updating tag selector from current view

zotero(3)(+0000000): Creating tmpSearchResults_C1KZGkzi with 0 items

zotero(4)(+0000003): SELECT DISTINCT tagID || ':' || type FROM itemTags JOIN tags USING (tagID) WHERE 1 AND itemID IN (SELECT itemID FROM tmpSearchResults_C1KZGkzi UNION SELECT itemID FROM itemAnnotations WHERE parentItemID IN (SELECT itemID FROM tmpSearchResults_C1KZGkzi)) ORDER BY name COLLATE NOCASE

zotero(3)(+0000000): Tags haven't changed

zotero(3)([31;40m+0000614[0m): WinWordIntegration[install]: Looking for Word in HKCU

zotero(3)(+0000003): Potential Word startup location C:\Users\Kumiko\AppData\Local\Packages\Microsoft.Office.Desktop_8wekyb3d8bbwe\LocalCache\Roaming\Microsoft\Word\Startup does not exist. Skipping

zotero(3)(+0000000): PluginInstaller Microsoft Word: Installation was successful. Version 9.0.0.SOURCE

zotero(3)([31;40m+0001923[0m): HTTP HEAD https://zoteroproxycheck.s3.amazonaws.com/test succeeded with 200

zotero(4)(+0000001): Sync not enabled -- skipping auto-sync

zotero(3)(+0000000): Pausing feed updating

zotero(4)(+0000000): SELECT COUNT(*) FROM settings WHERE setting='globalSchema' AND key='migrateExtra'

zotero(3)(+0000001): Resuming feed updating

zotero(3)(+0000000): Scheduling next feed update

zotero(4)(+0000000): SELECT ( CASE WHEN lastCheck IS NULL THEN 0 ELSE strftime('%s', lastCheck) + refreshInterval * 60 - strftime('%s', 'now') END ) AS nextCheck FROM feeds WHERE refreshInterval IS NOT NULL ORDER BY nextCheck ASC LIMIT 1

zotero(3)(+0000000): No feeds with auto-update

zotero(3)(+0000098): WebSocket error

zotero(1)(+0000000): WebSocket connection closed: 1006 

zotero(3)(+0000000): Delaying 2000 ms

zotero(3)([31;40m+0000960[0m): Updating bundled files

zotero(3)(+0000000): Initializing translators

zotero(4)(+0000000): SELECT rowid, fileName, metadataJSON, lastModifiedTime FROM translatorCache

zotero(3)([31;40m+0000291[0m): Cached 748 translators in 291 ms

zotero(3)(+0000000): Getting contents of [xpconnect wrapped nsIChannel]

zotero(4)(+0000003): SELECT version FROM version WHERE schema='delete'

zotero(3)(+0000000): Getting contents of input stream

zotero(4)(+0000001): SELECT version FROM version WHERE schema=? ['translators']

zotero(3)(+0000001): Installed translators are up-to-date with XPI

zotero(3)(+0000000): Initializing styles

zotero(3)(+0000003): Getting contents of E:\Kumiko\pythonProject\Zotero\tmp\zotero-0.6.0-smoke-data\styles\american-chemical-society.csl

zotero(3)(+0000001): Getting contents of E:\Kumiko\pythonProject\Zotero\tmp\zotero-0.6.0-smoke-data\styles\american-medical-association.csl

zotero(3)(+0000001): Getting contents of E:\Kumiko\pythonProject\Zotero\tmp\zotero-0.6.0-smoke-data\styles\american-political-science-association.csl

zotero(3)(+0000001): Getting contents of E:\Kumiko\pythonProject\Zotero\tmp\zotero-0.6.0-smoke-data\styles\american-sociological-association.csl

zotero(3)(+0000002): Getting contents of E:\Kumiko\pythonProject\Zotero\tmp\zotero-0.6.0-smoke-data\styles\apa.csl

zotero(3)(+0000004): Getting contents of E:\Kumiko\pythonProject\Zotero\tmp\zotero-0.6.0-smoke-data\styles\chicago-author-date.csl

zotero(3)(+0000006): Getting contents of E:\Kumiko\pythonProject\Zotero\tmp\zotero-0.6.0-smoke-data\styles\chicago-notes-bibliography.csl

zotero(3)(+0000007): Getting contents of E:\Kumiko\pythonProject\Zotero\tmp\zotero-0.6.0-smoke-data\styles\chicago-shortened-notes-bibliography.csl

zotero(3)(+0000006): Getting contents of E:\Kumiko\pythonProject\Zotero\tmp\zotero-0.6.0-smoke-data\styles\elsevier-harvard.csl

zotero(3)(+0000001): Getting contents of E:\Kumiko\pythonProject\Zotero\tmp\zotero-0.6.0-smoke-data\styles\harvard-cite-them-right.csl

zotero(3)(+0000002): Getting contents of E:\Kumiko\pythonProject\Zotero\tmp\zotero-0.6.0-smoke-data\styles\ieee.csl

zotero(3)(+0000001): Getting contents of E:\Kumiko\pythonProject\Zotero\tmp\zotero-0.6.0-smoke-data\styles\mhra-notes.csl

zotero(3)(+0000005): Getting contents of E:\Kumiko\pythonProject\Zotero\tmp\zotero-0.6.0-smoke-data\styles\modern-language-association.csl

zotero(3)(+0000002): Getting contents of E:\Kumiko\pythonProject\Zotero\tmp\zotero-0.6.0-smoke-data\styles\nature.csl

zotero(3)(+0000000): Getting contents of E:\Kumiko\pythonProject\Zotero\tmp\zotero-0.6.0-smoke-data\styles\nlm-citation-sequence.csl

zotero(3)(+0000002): Getting contents of [xpconnect wrapped nsIChannel]

zotero(3)(+0000001): Cached 15 styles in 45 ms

zotero(3)(+0000000): Getting contents of [xpconnect wrapped nsIChannel]

zotero(3)(+0000001): Getting contents of [xpconnect wrapped nsIChannel]

zotero(4)(+0000002): SELECT version FROM version WHERE schema='delete'

zotero(3)(+0000001): Getting contents of input stream

zotero(4)(+0000000): SELECT version FROM version WHERE schema=? ['styles']

zotero(3)(+0000000): Installed styles are up-to-date with XPI

zotero(3)(+0000000): HTTP GET https://api.zotero.org/retractions/list

zotero(3)([31;40m+0000743[0m): Connecting to streaming server at wss://stream.zotero.org/

zotero(3)([31;40m+0002762[0m): HTTP GET https://api.zotero.org/retractions/list succeeded with 200

zotero(3)(+0000028): No possible retractions

zotero(3)(+0000001): Found 0 retracted items

zotero(4)(+0000016): SELECT version FROM version WHERE schema='repository'

zotero(3)(+0000000): Checking repository for translator and style updates

zotero(3)(+0000001): HTTP POST "styles=%5B%7B%22id%22%3A%22http%3A%2F%2Fwww.zotero.org%2Fstyles%2Famerican-chemical-society%22%2C%22updated%22%3A1767467573%2C%22url%22%3A%22http%3A%2F%2Fwww.zotero.org%2Fstyles%2Famerican-chemical-society%22%7D%2C%7B%22id%22%3A%22http%3A%2F%2Fwww.zotero.org%2Fstyles%2Famerican-medical-association%22%2C%22updated%22%3A1770674112%2C%22url%22%3A%22http%3A%2F%2Fwww.zotero.org%2Fstyles%2Famerican-medical-association%22%7D%2C%7B%22id%22%3A%22http%3A%2F%2Fwww.zotero.org%2Fstyles%2Famerican-political-science-association%22%2C%22updated%22%3A1767467168%2C%22url%22%3A%22http%3A%2F%2Fwww.zotero.org%2Fstyles%2Famerican-political-science-association%22%7D%2C%7B%22id%22%3A%22http%3A%2F%2Fwww.zotero.org%2Fstyles%2Famerican-sociological-association%22%2C%22updated%22%3A1767467107%2C%22url%22%3A%22http%3A%2F%2Fwww.zotero.org%2Fstyles%2Famerican-sociological-association%22%7D%2C%7B%22id%22%3A%22http%3A%2F%2Fwww.zotero.org%2Fstyles%2Fapa%22%2C%22updated%22%3A1771031914%2C%22url%22%3A%22http%3A%2F%2Fwww.zotero.org%2Fstyles%2Fap…" (2950 chars) to https://repo.zotero.org/repo/updated?last=1785652364&version=9.0.6&m=3

zotero(3)([31;40m+0000645[0m): WebSocket connection opened

zotero(3)([31;40m+0000569[0m): WebSocket message: {"event":"connected","retry":10000}

zotero(3)(+0000001): WebSocket message send: {"action":"createSubscriptions","subscriptions":[{"topics":["styles","translators"]}]}

zotero(3)(+0000014): HTTP POST https://repo.zotero.org/repo/updated?last=1785652364&version=9.0.6&m=3 succeeded with 200

zotero(4)(+0000000): Beginning DB transaction ndBrvB9S

zotero(4)(+0000000): REPLACE INTO version (schema,version) VALUES (?,?) ['repository', 1785652685]

zotero(4)(+0000001): REPLACE INTO version (schema,version) VALUES (?,?) ['lastcheck', 1785652687]

zotero(4)(+0000007): Committed DB transaction ndBrvB9S

zotero(3)(+0000000): All translators and styles are up-to-date

zotero(3)(+0000000): Initializing DB backup idle observer

zotero(3)(+0000000): HTTP GET https://api.zotero.org/retractions/list

zotero(4)(+0000018): Beginning DB transaction qG9i3Fk7

zotero(3)(+0000041): Cached CSL.Engine instance with {"locale":"zh-CN","automaticJournalAbbreviations":false} for http://www.zotero.org/styles/chicago-shortened-notes-bibliography

zotero(3)(+0000001): Preloading 1412e9e2-51e1-42ec-aa35-e036a895534b for Quick Copy

zotero(3)(+0000000): Getting contents of E:\Kumiko\pythonProject\Zotero\tmp\zotero-0.6.0-smoke-data\translators\Note Markdown.js

zotero(4)(+0000000): Committed DB transaction qG9i3Fk7

zotero(3)(+0000000): Purged data tables in 42 ms

zotero(3)(+0000000): Preloading 897a81c2-9f60-4bec-ae6b-85a5030b8be5 for Quick Copy

zotero(3)(+0000001): Getting contents of E:\Kumiko\pythonProject\Zotero\tmp\zotero-0.6.0-smoke-data\translators\Note HTML.js

zotero(4)(+0000000): SELECT key AS domainPath, value AS format FROM settings WHERE setting='quickCopySite'

zotero(3)([31;40m+0000251[0m): WebSocket message: {"event":"subscriptionsCreated","subscriptions":[{"topics":["styles","translators"]}],"errors":[]}

zotero(3)([31;40m+0000902[0m): HTTP GET https://api.zotero.org/retractions/list succeeded with 304

zotero(3)(+0000001): Retraction list is up to date

zotero(3)([31;40m+0003966[0m): Scheduling next feed update

zotero(4)(+0000000): SELECT ( CASE WHEN lastCheck IS NULL THEN 0 ELSE strftime('%s', lastCheck) + refreshInterval * 60 - strftime('%s', 'now') END ) AS nextCheck FROM feeds WHERE refreshInterval IS NOT NULL ORDER BY nextCheck ASC LIMIT 1

zotero(3)(+0000001): No feeds with auto-update

